02:11:49 **** Incremental Build of configuration Debug for project m_field_stm32 ****
make -j8 all 
arm-none-eabi-gcc "../Core/Src/main.c" -mcpu=cortex-m7 -std=gnu11 -g3 -DDEBUG -DUSE_HAL_DRIVER -DSTM32F746xx -c -I../Core/Inc -I../Drivers/STM32F7xx_HAL_Driver/Inc -I../Drivers/STM32F7xx_HAL_Driver/Inc/Legacy -I../Drivers/CMSIS/Device/ST/STM32F7xx/Include -I../Drivers/CMSIS/Include -Og -ffunction-sections -fdata-sections -Wall -fstack-usage -fcyclomatic-complexity -MMD -MP -MF"Core/Src/main.d" -MT"Core/Src/main.o" --specs=nano.specs -mfpu=fpv5-sp-d16 -mfloat-abi=hard -mthumb -o "Core/Src/main.o"
arm-none-eabi-gcc -o "m_field_stm32.elf" @"objects.list"   -mcpu=cortex-m7 -T"C:\Projects\Kumwell\M_Field_Detector\stm32_ws\m_field_stm32\STM32F746ZGTX_FLASH.ld" --specs=nosys.specs -Wl,-Map="m_field_stm32.map" -Wl,--gc-sections -static --specs=nano.specs -mfpu=fpv5-sp-d16 -mfloat-abi=hard -mthumb -u _printf_float -Wl,--start-group -lc -lm -Wl,--end-group
Finished building target: m_field_stm32.elf
 
arm-none-eabi-size  m_field_stm32.elf 
arm-none-eabi-objdump -h -S m_field_stm32.elf  > "m_field_stm32.list"
   text	   data	    bss	    dec	    hex	filename
  26648	    468	   4772	  31888	   7c90	m_field_stm32.elf
Finished building: default.size.stdout
 
Finished building: m_field_stm32.list
 
02:11:54 **** Incremental Build of configuration Debug for project m_field_stm32 ****
make -j8 all 
arm-none-eabi-size  m_field_stm32.elf 
   text	   data	    bss	    dec	    hex	filename
  26648	    468	   4772	  31888	   7c90	m_field_stm32.elf
Finished building: default.size.stdout
 
