../Core/Src/main.c:1024:6:MPU_Config	24	static
../Core/Src/main.c:453:13:MX_GPIO_Init	72	static
../Core/Src/main.c:562:9:convert_number	0	static
../Core/Src/main.c:585:13:read_adc	0	static
../Core/Src/main.c:610:6:send_data	544	static
../Core/Src/main.c:839:6:find_max_min	72	static
../Core/Src/main.c:963:6:gps_uart_send_cmd	8	static
../Core/Src/main.c:973:6:clear_buffer	0	static
../Core/Src/main.c:622:6:find_max	88	static
../Core/Src/main.c:731:6:find_min	80	static
../Core/Src/main.c:989:6:HAL_GPIO_EXTI_Callback	8	static,ignoring_inline_asm
../Core/Src/main.c:1013:5:_write	8	static
../Core/Src/main.c:1055:6:Error_Handler	0	static,ignoring_inline_asm
../Core/Src/main.c:130:6:delay_sec	16	static
../Core/Src/main.c:383:13:MX_USART1_UART_Init	8	static
../Core/Src/main.c:348:13:MX_UART4_Init	8	static
../Core/Src/main.c:418:13:MX_USART2_UART_Init	8	static
../Core/Src/main.c:319:13:MX_IWDG_Init	8	static
../Core/Src/main.c:265:6:SystemClock_Config	88	static
../Core/Src/main.c:146:5:main	8	static
