../Core/Src/main.c:848:6:MPU_Config	24	static
../Core/Src/main.c:404:13:MX_GPIO_Init	72	static
../Core/Src/main.c:89:6:gps_uart_send_cmd	8	static
../Core/Src/main.c:103:6:clear_buffer	0	static
../Core/Src/main.c:522:9:convert_number	0	static
../Core/Src/main.c:545:13:read_adc2	0	static
../Core/Src/main.c:570:6:read_adc	32	static
../Core/Src/main.c:664:6:find_max	32	static
../Core/Src/main.c:693:6:send_data	128	static
../Core/Src/main.c:702:6:find_max2	48	static
../Core/Src/main.c:813:6:HAL_GPIO_EXTI_Callback	0	static
../Core/Src/main.c:837:5:_write	8	static
../Core/Src/main.c:879:6:Error_Handler	0	static,ignoring_inline_asm
../Core/Src/main.c:334:13:MX_USART1_UART_Init	8	static
../Core/Src/main.c:299:13:MX_UART4_Init	8	static
../Core/Src/main.c:369:13:MX_USART2_UART_Init	8	static
../Core/Src/main.c:246:6:SystemClock_Config	88	static
../Core/Src/main.c:126:5:main	128	static
